// Jest Snapshot v1, https://goo.gl/fbAQLP

exports[`App loads 1`] = `
<div>
  Working
</div>
`;
